--- STARTING ISOLATION TEST ---
Creating Pin A in PROJ_A...
FAILED to create Pin A: {
  "createdAt": "2025-12-22T05:07:06.526592Z",
  "documents": [],
  "id": "1766380026526",
  "name": "Punto 2",
  "type": "issue",
  "x": 10,
  "y": 10,
  "z": 0
}

