[DB] Pool de conexiones PostgreSQL inicializado (Min:2, Max:15, Keepalive:ON)
--- PREPARANDO ESCENARIO ---
> Asignando 'edit' al usuario 11 sobre la Carpeta Padre (ID: a6d1bed6-2360-4bd4-8489-578e256c0f78)

--- VALIDACION 1: LECTURA TOP-DOWN ---
> Consultando get_effective_permission en Carpeta Hija...
[*] Resultado Esperado: edit
[*] Resultado Obtenido: edit
[SUCCESS] HERENCIA ADITIVA FUNCIONA!

--- VALIDACION 2: BLOQUEO DE DOWNGRADE ---
> Intentando asignar 'view_only' sobre la Carpeta Hija (ID: bdf4c432-d3e7-46d4-81b7-a28cf455fdd9) para reducir el poder heredado...
Error de Base de Datos: Inherited permissions must expand: No puedes asignar un nivel 'view_only' que es menor alnivel ya heredado superior 'edit'.
[SUCCESS] EL SISTEMA INTERCEPTO Y BLOQUEO EL INTENTO CON UN VALUE ERROR!
   Mensaje capturado: Inherited permissions must expand: No puedes asignar un nivel 'view_only' que es menor alnivel ya heredado superior 'edit'.

--- LIMPIANDO ESCENARIO ---
> Carpetas de prueba eliminadas exitosamente.
